---
source: crates/symbolicator-service/tests/integration/process_minidump.rs
assertion_line: 46
expression: cache_entries
---
- local_59_0285e9e0000_debug
- local_59_b0d8f3183000_debug
- local_5a_b380779000_debug
- local_crash_exe_5AB380779000_crash_ex_
- local_crash_exe_5AB380779000_crash_exe
- local_crash_pdb_3249D99D0C4049318610F4E4FB0B69361_crash_pd_
- local_crash_pdb_3249D99D0C4049318610F4E4FB0B69361_crash_pdb
- local_crash_pdb_3249D99D0C4049318610F4E4FB0B69361_crash_src_zip
- local_crash_pdb_3249D99D0C4049318610F4E4FB0B69361_crash_sym
- local_kernel32_dll_590285E9e0000_kernel32_dl_
- local_kernel32_dll_590285E9e0000_kernel32_dll
- local_ntdll_dll_59B0D8F3183000_ntdll_dl_
- local_ntdll_dll_59B0D8F3183000_ntdll_dll
- local_wkernel32_pdb_D347455996F747D6BF43C176B2171E681_wkernel32_pd_
- local_wkernel32_pdb_D347455996F747D6BF43C176B2171E681_wkernel32_pdb
- local_wkernel32_pdb_D347455996F747D6BF43C176B2171E681_wkernel32_src_zip
- local_wkernel32_pdb_D347455996F747D6BF43C176B2171E681_wkernel32_sym
- local_wntdll_pdb_971F98E5CE6041FFB2D7235BBEB345781_wntdll_pd_
- local_wntdll_pdb_971F98E5CE6041FFB2D7235BBEB345781_wntdll_pdb
- local_wntdll_pdb_971F98E5CE6041FFB2D7235BBEB345781_wntdll_src_zip
- local_wntdll_pdb_971F98E5CE6041FFB2D7235BBEB345781_wntdll_sym

