---
source: crates/symbolicator-service/tests/integration/sourcemap.rs
assertion_line: 396
expression: response.unwrap()
---
stacktraces:
  - frames:
      - filename: foo.js
        abs_path: "http://localhost:<port>/assets/missing_foo.js"
        lineno: 1
        colno: 0
      - filename: foo.js
        abs_path: "http://localhost:<port>/assets/missing_bar.js"
        lineno: 4
        colno: 0
raw_stacktraces:
  - frames:
      - filename: foo.js
        abs_path: "http://localhost:<port>/assets/missing_foo.js"
        lineno: 1
        colno: 0
      - filename: foo.js
        abs_path: "http://localhost:<port>/assets/missing_bar.js"
        lineno: 4
        colno: 0
errors:
  - abs_path: "http://localhost:<port>/assets/missing_bar.js"
    type: missing_source
  - abs_path: "http://localhost:<port>/assets/missing_foo.js"
    type: missing_source
scraping_attempts:
  - url: "http://localhost:<port>/assets/missing_foo.js"
    status: failure
    reason: not_found
  - url: "http://localhost:<port>/assets/missing_bar.js"
    status: failure
    reason: not_found

