---
source: crates/symbolicator/src/endpoints/requests.rs
assertion_line: 106
expression: response
---
status: completed
stacktraces:
  - registers:
      eip: "0x1509530"
    frames:
      - status: symbolicated
        original_index: 0
        instruction_addr: "0x749e8630"
        package: "C:\\Windows\\System32\\kernel32.dll"
        symbol: BaseThreadInitThunk
        sym_addr: "0x749e8630"
        function: BaseThreadInitThunk
        lineno: 0
modules:
  - debug_status: found
    features:
      has_debug_info: true
      has_unwind_info: true
      has_symbols: true
      has_sources: false
    arch: x86
    type: pe
    code_file: "C:\\Windows\\System32\\kernel32.dll"
    debug_id: ff9f9f78-41db-88f0-cded-a9e1e9bff3b5-1
    debug_file: "C:\\Windows\\System32\\wkernel32.pdb"
    image_addr: "0x749d0000"
    image_size: 851968
    candidates:
      - source: timeout
        location: No object files listed on this source
        download:
          status: notfound
      - source: timeout
        location: "http://localhost:<port>/delay/2500ms/msdl/wkernel32.pdb/FF9F9F7841DB88F0CDEDA9E1E9BFF3B51/wkernel32.pd_"
        download:
          status: notfound
      - source: timeout
        location: "http://localhost:<port>/delay/2500ms/msdl/wkernel32.pdb/FF9F9F7841DB88F0CDEDA9E1E9BFF3B51/wkernel32.pdb"
        download:
          status: ok
          features:
            has_debug_info: true
            has_unwind_info: true
            has_symbols: true
            has_sources: false
        debug:
          status: ok

