---
source: src/services/symbolication.rs
expression: cache_entries
---
- local_67E9_247C_814E_392B_A027_DBDE6748FCBF
- local_67E9_247C_814E_392B_A027_DBDE6748FCBF_app
- local_67E9_247C_814E_392B_A027_DBDE6748FCBF_src_zip
- local_9B2A_C56D_107C_3541_A127_9094A751F2C9
- local_9B2A_C56D_107C_3541_A127_9094A751F2C9_app
- local_9B2A_C56D_107C_3541_A127_9094A751F2C9_src_zip
- local_crash_67E9247C814E392BA027DBDE6748FCBF0_crash_src_zip
- local_crash_67E9247C814E392BA027DBDE6748FCBF0_crash_sym
- local_libdyld_dylib_9B2AC56D107C3541A1279094A751F2C90_libdyld_dylib_src_zip
- local_libdyld_dylib_9B2AC56D107C3541A1279094A751F2C90_libdyld_dylib_sym
