---
source: src/actors/symbolication.rs
expression: response
---
status: completed
stacktraces:
  - frames:
      - status: symbolicated
        original_index: 0
        instruction_addr: "0x100000fa0"
        lang: c
        symbol: main
        sym_addr: "0x100000fa0"
        function: main
        filename: hello.c
        abs_path: /tmp/hello.c
        lineno: 1
modules:
  - debug_status: found
    features:
      has_debug_info: true
      has_unwind_info: false
      has_symbols: true
      has_sources: false
    arch: x86_64
    type: macho
    code_id: 502fc0a51ec13e479998684fa139dca7
    debug_id: 502fc0a5-1ec1-3e47-9998-684fa139dca7
    image_addr: "0x100000000"
    image_size: 4096
    candidates:
      - source: local
        location: "http://localhost:<port>/download/502F/C0A5/1EC1/3E47/9998/684FA139DCA7"
        download:
          status: ok
          features:
            has_debug_info: true
            has_unwind_info: false
            has_symbols: true
            has_sources: false
        debug:
          status: ok
      - source: local
        location: "http://localhost:<port>/download/502F/C0A5/1EC1/3E47/9998/684FA139DCA7.app"
        download:
          status: notfound
