---
source: src/actors/symbolication.rs
expression: cache_entries
---
- local_crash_exe_5AB380779000_crash_ex_
- local_crash_exe_5AB380779000_crash_exe
- local_crash_pdb_3249D99D0C4049318610F4E4FB0B69361_crash_pd_
- local_crash_pdb_3249D99D0C4049318610F4E4FB0B69361_crash_pdb
- local_crash_pdb_3249D99D0C4049318610F4E4FB0B69361_crash_src_zip
- local_crash_pdb_3249D99D0C4049318610F4E4FB0B69361_crash_sym
- local_dbgcore_dll_57898DAB25000_dbgcore_dl_
- local_dbgcore_dll_57898DAB25000_dbgcore_dll
- local_dbgcore_pdb_AEC7EF2FDF4B4642A4714C3E5FE8760A1_dbgcore_pd_
- local_dbgcore_pdb_AEC7EF2FDF4B4642A4714C3E5FE8760A1_dbgcore_pdb
- local_dbgcore_pdb_AEC7EF2FDF4B4642A4714C3E5FE8760A1_dbgcore_sym
- local_kernel32_dll_590285E9e0000_kernel32_dl_
- local_kernel32_dll_590285E9e0000_kernel32_dll
- local_ntdll_dll_59B0D8F3183000_ntdll_dl_
- local_ntdll_dll_59B0D8F3183000_ntdll_dll
- local_rpcrt4_dll_5A49BB75c1000_rpcrt4_dl_
- local_rpcrt4_dll_5A49BB75c1000_rpcrt4_dll
- local_wkernel32_pdb_D347455996F747D6BF43C176B2171E681_wkernel32_pd_
- local_wkernel32_pdb_D347455996F747D6BF43C176B2171E681_wkernel32_pdb
- local_wkernel32_pdb_D347455996F747D6BF43C176B2171E681_wkernel32_src_zip
- local_wkernel32_pdb_D347455996F747D6BF43C176B2171E681_wkernel32_sym
- local_wntdll_pdb_971F98E5CE6041FFB2D7235BBEB345781_wntdll_pd_
- local_wntdll_pdb_971F98E5CE6041FFB2D7235BBEB345781_wntdll_pdb
- local_wntdll_pdb_971F98E5CE6041FFB2D7235BBEB345781_wntdll_src_zip
- local_wntdll_pdb_971F98E5CE6041FFB2D7235BBEB345781_wntdll_sym
- local_wrpcrt4_pdb_AE131C6727A74FA19916B5A4AEF411901_wrpcrt4_pd_
- local_wrpcrt4_pdb_AE131C6727A74FA19916B5A4AEF411901_wrpcrt4_pdb
- local_wrpcrt4_pdb_AE131C6727A74FA19916B5A4AEF411901_wrpcrt4_sym
